<?xml version="1.0" encoding="UTF-8"?>
<testsuites name="jest tests" tests="13" failures="0" errors="0" time="3.73">
  <testsuite name="USER SIGN UP" errors="0" failures="0" skipped="0" timestamp="2025-05-15T13:40:04" time="3.548" tests="13">
    <testcase classname="USER SIGN UP POSITIVE TESTING with async/await should sign up a new user" name="USER SIGN UP POSITIVE TESTING with async/await should sign up a new user" time="0.518">
    </testcase>
    <testcase classname="USER SIGN UP POSITIVE TESTING with .then should sign up a new user" name="USER SIGN UP POSITIVE TESTING with .then should sign up a new user" time="0.454">
    </testcase>
    <testcase classname="USER SIGN UP POSITIVE TESTING with .end() and done() should sign up a new user" name="USER SIGN UP POSITIVE TESTING with .end() and done() should sign up a new user" time="0.46">
    </testcase>
    <testcase classname="USER SIGN UP NEGATIVE TESTING should return 400 if required fields are missing (done)" name="USER SIGN UP NEGATIVE TESTING should return 400 if required fields are missing (done)" time="0.023">
    </testcase>
    <testcase classname="USER SIGN UP NEGATIVE TESTING should return 400 if the name field is missing (.end())" name="USER SIGN UP NEGATIVE TESTING should return 400 if the name field is missing (.end())" time="0.003">
    </testcase>
    <testcase classname="USER SIGN UP NEGATIVE TESTING should return 400 if the email field is missing (.end())" name="USER SIGN UP NEGATIVE TESTING should return 400 if the email field is missing (.end())" time="0.002">
    </testcase>
    <testcase classname="USER SIGN UP NEGATIVE TESTING should return 400 if the password field is missing (.end())" name="USER SIGN UP NEGATIVE TESTING should return 400 if the password field is missing (.end())" time="0.003">
    </testcase>
    <testcase classname="USER SIGN UP NEGATIVE TESTING should return 400 if the passwordConfirm field is missing (.end())" name="USER SIGN UP NEGATIVE TESTING should return 400 if the passwordConfirm field is missing (.end())" time="0.003">
    </testcase>
    <testcase classname="USER SIGN UP NEGATIVE TESTING should return 400 if multiple fields are missing (.end())" name="USER SIGN UP NEGATIVE TESTING should return 400 if multiple fields are missing (.end())" time="0.005">
    </testcase>
    <testcase classname="USER SIGN UP NEGATIVE TESTING should not create a new user with an already used email (.then())" name="USER SIGN UP NEGATIVE TESTING should not create a new user with an already used email (.then())" time="1.022">
    </testcase>
    <testcase classname="USER SIGN UP NEGATIVE TESTING should return 400 if password and passwordConfirm do not match (done)" name="USER SIGN UP NEGATIVE TESTING should return 400 if password and passwordConfirm do not match (done)" time="0.01">
    </testcase>
    <testcase classname="USER SIGN UP NEGATIVE TESTING should return 400 if email is invalid (.end())" name="USER SIGN UP NEGATIVE TESTING should return 400 if email is invalid (.end())" time="0.005">
    </testcase>
    <testcase classname="USER SIGN UP NEGATIVE TESTING should return 400 if the password is too long (.then())" name="USER SIGN UP NEGATIVE TESTING should return 400 if the password is too long (.then())" time="0.004">
    </testcase>
  </testsuite>
</testsuites>